// Jest Snapshot v1, https://goo.gl/fbAQLP

exports[`getSourceFile generates TypeScript AST 1`] = `
"import { Prisma } from "@prisma/client";
import type { PrismaClient } from "@prisma/client";
import { getClient } from "@quramy/prisma-fabbrica";
import scalarFieldValueGenerator from "@quramy/prisma-fabbrica/lib/scalar/gen";
import { Resolver, resolveValue } from "@quramy/prisma-fabbrica/lib/helpers";
type UserScalarOrEnumFields = {
    id: number;
    name: string;
};
type UserFactoryDefineInput = {
    id?: number;
    name?: string;
};
type UserFactoryDefineOptions = {
    defaultData: Resolver<UserFactoryDefineInput>;
};
function autoGenrateUserScalarsOrEnums(): UserScalarOrEnumFields {
    return {
        id: scalarFieldValueGenerator.Int({ modelName: "User", fieldName: "id", isId: true, isUnique: false }),
        name: scalarFieldValueGenerator.String({ modelName: "User", fieldName: "name", isId: false, isUnique: false })
    };
}
export function defineUserFactory({ defaultData: defaultDataResolver }: UserFactoryDefineOptions) {
    const buildCreateInput = async (inputData: Partial<Prisma.UserCreateInput> = {}) => {
        const requiredScalarData = autoGenrateUserScalarsOrEnums();
        const defaultData = await resolveValue(defaultDataResolver);
        const defaultAssociations = {};
        const data: Prisma.UserCreateInput = { ...requiredScalarData, ...defaultData, ...defaultAssociations, ...inputData };
        return data;
    };
    const create = async (inputData: Partial<Prisma.UserCreateInput> = {}) => {
        const data = await buildCreateInput(inputData);
        return await getClient<PrismaClient>().user.create({ data });
    };
    return {
        _factoryFor: "User" as const,
        buildCreateInput,
        create,
    };
}
"
`;
